<object-stream>
<org.drools.audit.event.ActivationLogEvent>
  <type>4</type>
  <activationId>T2 [1]</activationId>
  <rule>T2</rule>
  <declarations>p=ch.hslu.danwi.rules.Person@4301ac93(1)</declarations>
</org.drools.audit.event.ActivationLogEvent>
<org.drools.audit.event.ObjectLogEvent>
  <type>1</type>
  <factId>1</factId>
  <objectToString>ch.hslu.danwi.rules.Person@4301ac93</objectToString>
</org.drools.audit.event.ObjectLogEvent>
<org.drools.audit.event.ActivationLogEvent>
  <type>6</type>
  <activationId>T2 [1]</activationId>
  <rule>T2</rule>
  <declarations>p=ch.hslu.danwi.rules.Person@4301ac93(1)</declarations>
</org.drools.audit.event.ActivationLogEvent>
<org.drools.audit.event.ActivationLogEvent>
  <type>7</type>
  <activationId>T2 [1]</activationId>
  <rule>T2</rule>
  <declarations>p=ch.hslu.danwi.rules.Person@4301ac93(1)</declarations>
</org.drools.audit.event.ActivationLogEvent>
</object-stream>